Asterisk (*) preceding a constraint indicates it was not met.
   This may be due to a setup or hold violation.

------------------------------------------------------------------------------------------------------
  Constraint                                |  Check  | Worst Case |  Best Case | Timing |   Timing   
                                            |         |    Slack   | Achievable | Errors |    Score   
------------------------------------------------------------------------------------------------------
  Autotimespec constraint for clock net clk | SETUP   |         N/A|     5.499ns|     N/A|           0
  _BUFGP                                    | HOLD    |     0.891ns|            |       0|           0
------------------------------------------------------------------------------------------------------
  Autotimespec constraint for clock net mul | SETUP   |         N/A|    36.995ns|     N/A|           0
  ti_clk                                    | HOLD    |     0.922ns|            |       0|           0
------------------------------------------------------------------------------------------------------
* Autotimespec constraint for clock net p1/ | SETUP   |         N/A|     4.710ns|     N/A|           0
  m0/clk_1ms                                | HOLD    |    -0.818ns|            |       1|         818
------------------------------------------------------------------------------------------------------
  Autotimespec constraint for clock net p2/ | SETUP   |         N/A|     6.048ns|     N/A|           0
  m0/clk_1ms                                | HOLD    |     0.266ns|            |       0|           0
------------------------------------------------------------------------------------------------------


1 constraint not met.
INFO:Timing:2761 - N/A entries in the Constraints list may indicate that the 
   constraint does not cover any paths or that it has no requested value.


