MO adder_32bits NULL adder_16bits.v vlg0E/adder__32bits.bin 1395112493
MO display NULL display.v vlg1E/display.bin 1395112493
MO adder_1bit NULL adder_16bits.v vlg53/adder__1bit.bin 1395112493
MO aluc NULL aluc.v vlg15/aluc.bin 1395112493
MO adder_16bits NULL adder_16bits.v vlg68/adder__16bits.bin 1395108103
MO hlz NULL hlz.v vlg3E/hlz.bin 1395112493
MO alu NULL alu.v vlg0A/alu.bin 1395112493
